V3 4
FL "C:/Users/Robert/Desktop/ARS 23.6/automat1/automat1.vhd" 2016/05/19.17:54:40 P.20131013
EN work/automat1 1466635104 \
      FL "C:/Users/Robert/Desktop/ARS 23.6/automat1/automat1.vhd" \
      PB ieee/std_logic_1164 1381692176
AR work/automat1/Behavioral 1466635105 \
      FL "C:/Users/Robert/Desktop/ARS 23.6/automat1/automat1.vhd" \
      EN work/automat1 1466635104
FL C:/Users/Robert/Desktop/Fakultet/VHDLovi/automat1/automat1.vhd 2016/05/19.17:54:40 P.20131013
